4
0
1
2
3
0
5
0
3
8
5
2
11
9
7
5
3
1
17
16
15
14
13
12
11
10
9
8
7
6
5
4
3
2
1
0
