[0, 1, 2, 3, 4, 5, 6, 7, 8, 9]
[0, 100, 200, 300, 400, 500, 600, 700, 800, 900]
[0, 100, 200, 44, 144, 244, 88, 188, 32, 132]
[True, False, True, False, True, False, True, False, True, False]
[0, 1, 2, 3, 4]
[False, True, False, True, False]
