Hello World!

"H"e"l"l"o"" ""W"o"r"l"d"!"

		Hello
		World
		!
	
Hello inlined World!
This has a /* comment */ inside // actually two
