String Arrays
[A, B, C, , , , , , , ]
A
B
C
[A, B, C]

Numeric Arrays of Arrays
[[1, 2], [3, 4], [5, 6], [7, 8], [9, 10]]
[1, 2]
[3, 4]
[5, 6]
[7, 8]
[9, 10]
2
[[[1, 2], [3, 4]], [[5, 6], [7, 8]]]
[[[1, 2, 3, 4], [5, 6, 7, 8], [9, 10, 11, 12]], [[13, 14, 15, 16], [17, 18, 19, 20], [21, 22, 23, 24]]]
[[1, 2, 3, 4], [5, 6, 7, 8], [9, 10, 11, 12]]
[1, 2, 3, 4]
[5, 6, 7, 8]
[9, 10, 11, 12]
[[13, 14, 15, 16], [17, 18, 19, 20], [21, 22, 23, 24]]
[13, 14, 15, 16]
[17, 18, 19, 20]
[21, 22, 23, 24]
24
[[[1, 2], [3, 4]], [[5, 6], [7, 8]]]
[[1], [2]]
