0
1
2
3
4
5
6
7
8
9
0
1
4
9
16
25
36
49
64
81
0
1
4
9
16
25
36
49
64
81
0
1
2
3
4
5
6
7
8
9
0
1
8
27
64
125
-40
87
0
-39
0
1
8
27
64
125
-40
87
0
-39
0
1
2
3
4
5
6
7
8
9
0
1
8
27
64
125
216
87
0
217
0
1
8
27
64
125
216
87
0
217
