30
Hello World!
30
30
30
20
30
30
200
300
199
199
